============================================================================
DATAPOWER ATLAS - DOMAIN PIPELINE
============================================================================
Project root:      /Users/abutaha9/Documents/dev-sandbox/datapower-atlas
Domain:            default
Environment:       STG
Domain index:      index/DEFAULT
Domain reports:    reports/DEFAULT
Export root:       export-stg-uat/extracted
CFG:               export-stg-uat/extracted/default/config/default.cfg
Taxonomy:          taxonomy
Python:            python
============================================================================

============================================================================
1/11 - VALIDATE TAXONOMIES
============================================================================
============================================================================
DATAPOWER CROSS-TAXONOMY VALIDATION V2
============================================================================
datapower_object_types               64
property_source_types                20
reference_types                      18
relationship_types                   28
endpoint_types                       11
cross_mappings                       55
file_type_buckets                    12
sensitivity_levels                   8
----------------------------------------------------------------------------
ERRORS:   0
WARNINGS: 0
----------------------------------------------------------------------------
CROSS-TAXONOMY VALIDATION: PASS

============================================================================
2/11 - BUILD DOMAIN FILE INVENTORY
============================================================================
========================================================================
DATAPOWER FILE INVENTORY
========================================================================
Exported directory:   /Users/abutaha9/Documents/dev-sandbox/datapower-atlas/export-stg-uat/extracted
Taxonomy directory:   /Users/abutaha9/Documents/dev-sandbox/datapower-atlas/taxonomy
Output:               /Users/abutaha9/Documents/dev-sandbox/datapower-atlas/index/DEFAULT/.files_all_domains.tmp.csv
------------------------------------------------------------------------
Files indexed:        1164
Classified files:     1157
Unclassified files:   7
------------------------------------------------------------------------
FILE INVENTORY BUILD: PASS
Domain inventory rows: 288
Domain inventory:      index/DEFAULT/files.csv

============================================================================
3/11 - SCAN SENSITIVITY
============================================================================
========================================================================
DATAPOWER SENSITIVITY SCAN
========================================================================
Inventory:             /Users/abutaha9/Documents/dev-sandbox/datapower-atlas/index/DEFAULT/files.csv
Taxonomy:              /Users/abutaha9/Documents/dev-sandbox/datapower-atlas/taxonomy
Findings output:       /Users/abutaha9/Documents/dev-sandbox/datapower-atlas/index/DEFAULT/sensitivity_findings.csv
Scanned inventory:     /Users/abutaha9/Documents/dev-sandbox/datapower-atlas/index/DEFAULT/files_scanned.csv
Sanitized directory:   /Users/abutaha9/Documents/dev-sandbox/datapower-atlas/index/DEFAULT/sanitized
------------------------------------------------------------------------
Files scanned:         281
Files skipped:         7
Files failed:          0
Files with findings:   7
Total findings:        43
------------------------------------------------------------------------
SENSITIVITY SCAN: PASS

============================================================================
4/11 - PARSE DATAPOWER CFG
============================================================================
============================================================================
DATAPOWER CFG PARSER 2.2 — ARCHITECTURE BETA
============================================================================
Parser version:                    2.2-architecture-beta-lossless
Object occurrences:                0
Unique logical objects:            0
Repeated logical objects:          0
Properties preserved:              0
Partial/malformed blocks:          0
Unclassified top-level statements: 1
----------------------------------------------------------------------------
Object types:
----------------------------------------------------------------------------
CFG PARSER 2.2: PASS

============================================================================
5/11 - EXTRACT REFERENCES
============================================================================
================================================================================
DATAPOWER REFERENCE EXTRACTOR V1
================================================================================
Extractor version:           1.0-architecture-beta-domain-aware
Properties scanned:          0
Cross mappings loaded:       55
References extracted:        0
Domains observed:            0
Taxonomy gaps:               0
--------------------------------------------------------------------------------
Reference families:
--------------------------------------------------------------------------------
Initial resolution status:
--------------------------------------------------------------------------------
Top mappings:
--------------------------------------------------------------------------------
REFERENCE EXTRACTOR V1: PASS

============================================================================
6/11 - RESOLVE OBJECT RELATIONSHIPS
============================================================================
================================================================================
DATAPOWER RELATIONSHIP RESOLVER V1
================================================================================
Resolver version:            1.0-architecture-beta-domain-aware
Objects loaded:              0
Unique logical objects:      0
References loaded:           0
Object references processed: 0
Resolved relationships:      0
Unresolved object refs:      0
Deferred non-object refs:    0
Domains observed:            0
--------------------------------------------------------------------------------
Resolution status:
--------------------------------------------------------------------------------
Resolved relationship types:
--------------------------------------------------------------------------------
RELATIONSHIP RESOLVER V1: PASS

============================================================================
7/11 - EXTRACT ENDPOINTS
============================================================================
================================================================================
DATAPOWER ENDPOINT EXTRACTOR V1
================================================================================
Extractor version:             1.1-architecture-beta-wsp-composite
References loaded:             0
Endpoint references processed: 0
Static endpoints parsed:       0
Dynamic endpoint expressions:  0
Invalid/unsupported endpoints: 0
Unique static endpoints:       0
Non-endpoint refs deferred:    0
--------------------------------------------------------------------------------
Endpoint types:
--------------------------------------------------------------------------------
Route roles:
--------------------------------------------------------------------------------
Parse status:
--------------------------------------------------------------------------------
ENDPOINT EXTRACTOR V1: PASS

============================================================================
8/11 - RESOLVE FILE REFERENCES
============================================================================
================================================================================
DATAPOWER FILE REFERENCE RESOLVER V1
================================================================================
Resolver version:             1.0-architecture-beta-exact-path
References loaded:            0
Inventory files loaded:       288
File references processed:    0
Resolved exact:               0
Unresolved file references:   0
--------------------------------------------------------------------------------
Resolution status:
--------------------------------------------------------------------------------
Resolved relationship types:
--------------------------------------------------------------------------------
Resolved file classifications:
--------------------------------------------------------------------------------
FILE REFERENCE RESOLVER V1: PASS

============================================================================
9/11 - BUILD SERVICE JOURNEYS
============================================================================
================================================================================
DATAPOWER SERVICE JOURNEY BUILDER V1
================================================================================
Builder version:            1.0-architecture-beta-evidence-only
Service roots built:        0
Journey output:             index/DEFAULT/service_journeys.jsonl
Summary output:             index/DEFAULT/service_journey_summary.csv
--------------------------------------------------------------------------------
Root types:
--------------------------------------------------------------------------------
SERVICE JOURNEY BUILDER V1: BUILT — VALIDATE BEFORE FREEZE

============================================================================
10/11 - BUILD OPERATION JOURNEYS
============================================================================
================================================================================
DATAPOWER OPERATION JOURNEY BUILDER V1
================================================================================
Builder version:          1.0-evidence-only
Service roots scanned:    0
Operations built:         0
Services with operations: 0
Output:                   index/DEFAULT/operation_journeys.jsonl
Summary:                  index/DEFAULT/operation_journey_summary.csv
--------------------------------------------------------------------------------
--------------------------------------------------------------------------------
Operations missing processing rule: 0
OPERATION JOURNEY BUILDER V1: PASS

============================================================================
11/11 - ANALYZE JOURNEY QUALITY
============================================================================
usage: analyze_journey_quality.py [-h] --summary SUMMARY --journeys JOURNEYS
                                  --objects OBJECTS --properties PROPERTIES
                                  --relationships RELATIONSHIPS
                                  [--operation-summary OPERATION_SUMMARY]
                                  --output OUTPUT
analyze_journey_quality.py: error: the following arguments are required: --journeys

[FAILED] Stage failed at line 356. See: reports/DEFAULT/pipeline.log
